load("@npm//@bazel/typescript:index.bzl", "ts_project")

ts_project(
    name = "npm_unused_import",
    srcs = ["main.ts"],
    deps = ["@npm//lodash"],
)