load("@npm//@bazel/typescript:index.bzl", "ts_project")

ts_project(
    name = "app",
    srcs = ["app.ts"],
    deps = ["//project/src/lib"],
)
