load("@npm//@bazel/typescript:index.bzl", "ts_project")

ts_project(
    name = "npm_new_types",
    srcs = ["main.ts"],
    deps = ["@npm//@types/jquery"],
)
