load("@npm//@bazel/typescript:index.bzl", "ts_project")

ts_project(
    name = "npm_scoped_import",
    srcs = ["main.ts"],
    deps = ["@npm//@angular/core"],
)
