load("@npm//@bazel/typescript:index.bzl", "ts_project")

ts_project(
    name = "library_import",
    srcs = ["main.ts"],
    deps = ["//lib:named-lib"],
)
