load("@npm//@bazel/typescript:index.bzl", "ts_project")

ts_project(
    name = "lib",
    srcs = ["index.ts"],
)
