load("@npm//@bazel/typescript:index.bzl", "ts_project")

ts_project(
    name = "gazelle_disable",
    srcs = ["main.ts"],
)