load("@npm//@bazel/typescript:index.bzl", "ts_project")

ts_project(
    name = "simple_import_subproject",
    srcs = ["main.ts"],
    deps = ["//subproject"],
)