load("@npm//@bazel/typescript:index.bzl", "ts_project")

ts_project(
    name = "simple_import_subdir",
    srcs = [
        "main.ts",
        "subdir/lib.ts",
    ],
)