load("@npm//@bazel/typescript:index.bzl", "ts_project")

ts_project(
    name = "dynamic_import",
    srcs = ["main.ts"],
)